// Jest Snapshot v1, https://goo.gl/fbAQLP

exports[`<InputTextArea /> take snapshot of <InputTextArea /> 1`] = `
<div
  className="inputstyle___default-cujm1d-0 ecaWej"
>
  <div
    className="c-input textarea undefined "
  >
    <label
      htmlFor="field"
    >
      <span
        className="labelText"
      >
        field
      </span>
      <textarea
        className="ant-input roundInput textareaInput"
        id="field"
        name="field"
        onBlur={[Function]}
        onChange={[Function]}
        onKeyDown={[Function]}
        rows={5}
        style={
          Object {
            "width": "100%",
          }
        }
      />
    </label>
  </div>
</div>
`;
