// Jest Snapshot v1, https://goo.gl/fbAQLP

exports[`<App /> renders 1`] = `
<div
  className="App"
>
  <div
    className="header"
  >
    <img
      alt=""
      src="/assets/images/panda-logo.png"
    />
  </div>
  <div
    className="contents"
  >
    <div>
      <h1>
        This is Home!
      </h1>
    </div>
  </div>
</div>
`;
